// Jest Snapshot v1, https://goo.gl/fbAQLP

exports[`navigation reducer should return the initial state 1`] = `
Object {
  "navigation": null,
}
`;
