// Jest Snapshot v1, https://goo.gl/fbAQLP

exports[`languages reducer should return the initial state 1`] = `
Object {
  "language": "en",
}
`;
